> Task :compileJava

BUILD SUCCESSFUL in 3s
1 actionable task: 1 executed
